// Jest Snapshot v1, https://goo.gl/fbAQLP

exports[`Form Should renders without problems 1`] = `
<FormWrap
  innerRef={[Function]}
  onSubmit={[Function]}
>
  <CollapsibleContent
    key=".0"
    visible={false}
  >
    <FormLine
      key=".0"
    >
      I am form.
    </FormLine>
  </CollapsibleContent>
</FormWrap>
`;
